YES
5
3 1 3 8
2 1 2 8
4 1 4 8
2 2 4 7
4 2 2 7