{
    "name": "test_name_2_ui",
    "version": "1.0.0",
    "description": "",
    "main": "index.js",
    "scripts": {
        "build": "webpack",
        "start": "webpack-dev-server",
        "test": "echo \"Error: no test specified\" && exit 1",
        "lint-styles": "stylelint \"src/**/*.less\"",
        "lint": "eslint .",
        "reformat": "prettier --write --config ./.prettierrc . --ignore-path ./.prettierignore"
    },
    "author": "",
    "license": "Apache-2.0",
    "dependencies": {
        "@bluecateng/auto-forms": "^1.0.0",
        "@bluecateng/limani": "^1.1.0",
        "@bluecateng/pelagos": "^12.11.0",
        "@bluecateng/pelagos-forms": "^5.0.0",
        "@bluecateng/smooth-reorder": "^1.0.1",
        "@carbon/icons-react": "^11.42.0",
        "css-loader": "^6.5.1",
        "less-loader": "^10.2.0",
        "preact": "^10.6.6",
        "style-loader": "^3.3.1",
        "webpack": "^5.68.0",
        "webpack-cli": "^4.9.2"
    },
    "devDependencies": {
        "@babel/core": "^7.17.2",
        "@babel/plugin-proposal-class-properties": "^7.16.7",
        "@babel/preset-env": "^7.16.11",
        "@babel/preset-react": "^7.16.7",
        "@bluecateng/stylelint-config": "^4.0.1",
        "babel-loader": "^8.2.3",
        "eslint": "^8.16.0",
        "eslint-plugin-react": "^7.30.0",
        "html-webpack-plugin": "^5.5.0",
        "husky": "^8.0.1",
        "lint-staged": "^12.5.0",
        "path": "^0.12.7",
        "postcss-less": "^6.0.0",
        "prettier": "^2.5.1",
        "stylelint": "^14.9.1",
        "webpack-dev-server": "^4.7.4"
    },
    "lint-staged": {
        "*.{js,ts,tsx}": [
            "eslint --max-warnings 0 --no-ignore",
            "prettier --check --config ./.prettierrc . --ignore-path ./.prettierignore"
        ],
        "*.less": [
            "prettier --check --config ./.prettierrc . --ignore-path ./.prettierignore"
        ]
    },
    "stylelint": {
        "extends": [
            "@bluecateng/stylelint-config"
        ],
        "customSyntax": "postcss-less"
    }
}
