{
    "pages": [
        {
            "title": "Workflow title 1",
            "url": "/test_name_1",
            "description": "A description of workflow 1.",
            "permission": "test_permission_1"
        }
    ]
}
