{
    "pages": [
        {
            "title": "test_workflow",
            "url": "/test_workflow",
            
            "permission": "test_workflow"
        }
    ]
}
