<!--
Copyright 3000 Test Tester. All rights reserved.

This file was generated by BlueCat Automation Toolkit (BATK).
Portions which reproduce template contents from BATK are Copyright 2023 BlueCat Networks Inc.
Other contents are owned by their authors.
-->
<!DOCTYPE html>
<html lang="en" data-theme="light">
    <head>
        <meta charset="utf-8" />
        <meta name="viewport" content="width=device-width, initial-scale=1" />
        <meta name="theme-color" content="#000000" />
        <meta name="description" content="Gateway" />
        <title>BlueCat Gateway</title>
        <link
            rel="icon"
            type="image/png"
            href="<%= require('./assets/images/bluecat-icon.png') %>" />
    </head>
    <body>
        <noscript>You need to enable JavaScript to run this app.</noscript>
        <div id="root"></div>
    </body>
</html>
